Starting multi-node training job with LSF...
Starting training with CONFIG=llama3_7B_en_translated_ar
NNODES=16, MASTER_ADDR=p1-r23-n1
NCCL_SOCKET_IFNAME=bond0 (from ip route get 9.33.168.156 for p1-r23-n1)

------------------------------------------------------------
Sender: LSF System <lsfadmin@p1-r30-n3>
Subject: Job 1188534: <llama3_7B_en_translated_ar> in cluster <BLUEVELA_LSF> Exited

Job <llama3_7B_en_translated_ar> was submitted from host <login2> by user <leshem> in cluster <BLUEVELA_LSF> at Wed Jun 17 21:06:00 2026
Job was executed on host(s) <32*p1-r30-n3>, in queue <preemptable>, as user <leshem> in cluster <BLUEVELA_LSF> at Wed Jun 17 21:06:00 2026
                            <32*p2-r02-n1>
                            <32*p5-r25-n1>
                            <32*p5-r25-n4>
                            <32*p4-r16-n3>
                            <32*p5-r20-n2>
                            <32*p5-r20-n4>
                            <32*p2-r31-n3>
                            <32*p1-r28-n1>
                            <32*p6-r26-n4>
                            <32*p1-r28-n2>
                            <32*p6-r21-n1>
                            <32*p1-r23-n1>
                            <32*p1-r23-n4>
                            <32*p5-r18-n2>
                            <32*p4-r09-n1>
</u/leshem> was used as the home directory.
</gpfs/ess6000-1/proj/dmfexp/trAr/torchtitan-mulitlingual> was used as the working directory.
Started at Wed Jun 17 21:06:00 2026
Terminated at Sat Jun 20 18:54:07 2026
Results reported at Sat Jun 20 18:54:07 2026

Your job looked like:

------------------------------------------------------------
# LSBATCH: User input
bash /gpfs/ess6000-1/proj/dmfexp/trAr/torchtitan-mulitlingual/bsub_train_multinode.sh
------------------------------------------------------------

TERM_OWNER: job killed by owner.
Exited with signal termination: 9.

Resource usage summary:

    CPU time :                                   61409608.00 sec.
    Max Memory :                                 8287753 MB
    Average Memory :                             6376825.00 MB
    Total Requested Memory :                     6553600.00 MB
    Delta Memory :                               -1734153.00 MB
    Max Swap :                                   -
    Max Processes :                              5124
    Max Threads :                                22188
    Run time :                                   251286 sec.
    Turnaround time :                            251287 sec.

The output (if any) is above this job summary.



PS:

Read file <logs/1188534_train.err> for stderr output of this job.

